
[1m[46m RUN [49m[22m [36mv4.0.17 [39m[90mC:/Projects/pal_lung_planning_challenge[39m

 [31mΓ¥»[39m src/engine/scoringEngine.test.ts [2m([22m[2m3 tests[22m[2m | [22m[31m1 failed[39m[2m)[22m[32m 4[2mms[22m[39m
[31m     [31m├ù[31m returns full score for ideal inputs[39m[32m 3[2mms[22m[39m
     [32mΓ£ô[39m handles boundary for spinal canal (30.9 Gy)[32m 0[2mms[22m[39m
     [32mΓ£ô[39m flags hard-gate failure when spinal canal exceeds limit[32m 0[2mms[22m[39m
node.exe : 
At line:1 char:1
+ & "C:\Program Files\nodejs/node.exe" "C:\Program 
Files\nodejs/node_mo ...
+ 
~~~~~~~~~~~~~~~~~~~~~~~~~~~~~~~~~~~~~~~~~~~~~~~~~~~~~~~~~~~~~~~~~~~~~
    + CategoryInfo          : NotSpecified: (:String) [], RemoteExce 
   ption
    + FullyQualifiedErrorId : NativeCommandError
 
[31mΓÄ»ΓÄ»ΓÄ»ΓÄ»ΓÄ»ΓÄ»ΓÄ»[39m[1m[41m Failed Tests 1 
[49m[22m[31mΓÄ»ΓÄ»ΓÄ»ΓÄ»ΓÄ»ΓÄ»ΓÄ»[39m

[41m[1m FAIL [22m[49m src/engine/scoringEngine.test.ts[2m > 
[22mscoringEngine[2m > [22mreturns full score for ideal inputs
[31m[1mAssertionError[22m: expected 158 to be close to 150, 
received difference is 8, but expected 0.000005[39m
[36m [2mΓ¥»[22m 
src/engine/scoringEngine.test.ts:[2m32:35[22m[39m
    [90m 30| [39m        [35mconst[39m inputs [33m=[39m 
[34mbuildIdealInputs[39m()[33m;[39m
    [90m 31| [39m        [35mconst[39m result [33m=[39m 
[34mcalculateScore[39m(inputs[33m,[39m matrix)[33m;[39m
    [90m 32| [39m        [34mexpect[39m(result[33m.[39mtotalSco
re)[33m.[39m[34mtoBeCloseTo[39m([34m150[39m[33m,[39m 
[34m5[39m)[33m;[39m
    [90m   | [39m                                  [31m^[39m
    [90m 33| [39m        [34mexpect[39m(result[33m.[39mmaxScore
)[33m.[39m[34mtoBeCloseTo[39m([34m150[39m[33m,[39m 
[34m5[39m)[33m;[39m
    [90m 34| [39m        [34mexpect[39m(result[33m.[39mpercenta
ge)[33m.[39m[34mtoBeCloseTo[39m([34m100[39m[33m,[39m 
[34m5[39m)[33m;[39m

[31m[2mΓÄ»ΓÄ»ΓÄ»ΓÄ»ΓÄ»ΓÄ»ΓÄ»ΓÄ»ΓÄ»ΓÄ»ΓÄ»ΓÄ»ΓÄ»ΓÄ»ΓÄ»ΓÄ»ΓÄ»ΓÄ»ΓÄ»ΓÄ»
ΓÄ»ΓÄ»ΓÄ»ΓÄ»[1/1]ΓÄ»[22m[39m


[2m Test Files [22m [1m[31m1 failed[39m[22m[90m (1)[39m
[2m      Tests [22m [1m[31m1 failed[39m[22m[2m | [22m[1m[32m2 passed[39m[22m[90m (3)[39m
[2m   Start at [22m 17:15:24
[2m   Duration [22m 157ms[2m (transform 32ms, setup 0ms, import 41ms, tests 4ms, environment 0ms)[22m

